// Jest Snapshot v1, https://goo.gl/fbAQLP

exports[`MazeView component renders a div when no child components passed 1`] = `
<div
  className={Object {}}
>
  <Connect(MazeBuilder) />
  <Connect(Avatar) />
</div>
`;

exports[`MazeView component renders a div with a maze and an avatar when child components passed 1`] = `
<div
  className={Object {}}
>
  <Connect(MazeBuilder) />
  <Connect(Avatar) />
</div>
`;
