// Jest Snapshot v1, https://goo.gl/fbAQLP

exports[`MazePlayer component renders a div when no child components passed 1`] = `
<div
  className={Object {}}
>
  <Connect(MazeMapper) />
  <Connect(Avatar) />
</div>
`;

exports[`MazePlayer component renders a div with a maze and an avatar when child components passed 1`] = `
<div
  className={Object {}}
>
  <Connect(MazeMapper) />
  <Connect(Avatar) />
</div>
`;
